2026-03-08 09:51:18,460 [WARNING] SSI fetch failed for APH: 404 Client Error: Not Found for url: https://iboard-query.ssi.com.vn/v2/stock/ohlc?symbol=APH&resolution=D&from=1741402277&to=1772938277
2026-03-08 09:51:21,523 [WARNING] CafeF fetch failed for APH: 404 Client Error: Not Found for url: https://cafef.vn/404.aspx?aspxerrorpath=/ajax/historyprice.aspx
2026-03-08 09:51:23,764 [WARNING] CafeF-v2 fetch failed for APH: HTTPSConnectionPool(host='api.cafef.vn', port=443): Max retries exceeded with url: /api/historyprice/APH?type=5&count=365 (Caused by NewConnectionError("HTTPSConnection(host='api.cafef.vn', port=443): Failed to establish a new connection: [WinError 10061] No connection could be made because the target machine actively refused it"))
2026-03-08 09:51:23,768 [ERROR] Cannot load APH. Failed sources: DNSE: No data, SSI: No data, CafeF-HTML: No data, CafeF-JSON: No data. Exchange: HOSE. Check connectivity or ticker.
2026-03-08 09:51:23,768 [ERROR] Scanner APH: too many values to unpack (expected 2)
2026-03-08 09:51:23,902 [WARNING] SSI fetch failed for BCM: 404 Client Error: Not Found for url: https://iboard-query.ssi.com.vn/v2/stock/ohlc?symbol=BCM&resolution=D&from=1741402283&to=1772938283
2026-03-08 09:51:24,895 [WARNING] CafeF fetch failed for BCM: 404 Client Error: Not Found for url: https://cafef.vn/404.aspx?aspxerrorpath=/ajax/historyprice.aspx
2026-03-08 09:51:27,057 [WARNING] CafeF-v2 fetch failed for BCM: HTTPSConnectionPool(host='api.cafef.vn', port=443): Max retries exceeded with url: /api/historyprice/BCM?type=5&count=365 (Caused by NewConnectionError("HTTPSConnection(host='api.cafef.vn', port=443): Failed to establish a new connection: [WinError 10061] No connection could be made because the target machine actively refused it"))
2026-03-08 09:51:27,059 [ERROR] Cannot load BCM. Failed sources: DNSE: No data, SSI: No data, CafeF-HTML: No data, CafeF-JSON: No data. Exchange: UPCOM. Check connectivity or ticker.
2026-03-08 09:51:27,060 [ERROR] Scanner BCM: too many values to unpack (expected 2)
2026-03-08 09:51:27,205 [WARNING] SSI fetch failed for BSR: 404 Client Error: Not Found for url: https://iboard-query.ssi.com.vn/v2/stock/ohlc?symbol=BSR&resolution=D&from=1741402287&to=1772938287
2026-03-08 09:51:28,219 [WARNING] CafeF fetch failed for BSR: 404 Client Error: Not Found for url: https://cafef.vn/404.aspx?aspxerrorpath=/ajax/historyprice.aspx
2026-03-08 09:51:30,438 [WARNING] CafeF-v2 fetch failed for BSR: HTTPSConnectionPool(host='api.cafef.vn', port=443): Max retries exceeded with url: /api/historyprice/BSR?type=5&count=365 (Caused by NewConnectionError("HTTPSConnection(host='api.cafef.vn', port=443): Failed to establish a new connection: [WinError 10061] No connection could be made because the target machine actively refused it"))
2026-03-08 09:51:30,440 [ERROR] Cannot load BSR. Failed sources: DNSE: No data, SSI: No data, CafeF-HTML: No data, CafeF-JSON: No data. Exchange: UPCOM. Check connectivity or ticker.
2026-03-08 09:51:30,441 [ERROR] Scanner BSR: too many values to unpack (expected 2)
2026-03-08 09:51:30,578 [WARNING] SSI fetch failed for CMG: 404 Client Error: Not Found for url: https://iboard-query.ssi.com.vn/v2/stock/ohlc?symbol=CMG&resolution=D&from=1741402290&to=1772938290
2026-03-08 09:51:31,688 [WARNING] CafeF fetch failed for CMG: 404 Client Error: Not Found for url: https://cafef.vn/404.aspx?aspxerrorpath=/ajax/historyprice.aspx
2026-03-08 09:51:33,876 [WARNING] CafeF-v2 fetch failed for CMG: HTTPSConnectionPool(host='api.cafef.vn', port=443): Max retries exceeded with url: /api/historyprice/CMG?type=5&count=365 (Caused by NewConnectionError("HTTPSConnection(host='api.cafef.vn', port=443): Failed to establish a new connection: [WinError 10061] No connection could be made because the target machine actively refused it"))
2026-03-08 09:51:33,878 [ERROR] Cannot load CMG. Failed sources: DNSE: No data, SSI: No data, CafeF-HTML: No data, CafeF-JSON: No data. Exchange: HOSE. Check connectivity or ticker.
2026-03-08 09:51:33,880 [ERROR] Scanner CMG: too many values to unpack (expected 2)
2026-03-08 09:51:34,019 [WARNING] SSI fetch failed for DCM: 404 Client Error: Not Found for url: https://iboard-query.ssi.com.vn/v2/stock/ohlc?symbol=DCM&resolution=D&from=1741402293&to=1772938293
2026-03-08 09:51:35,020 [WARNING] CafeF fetch failed for DCM: 404 Client Error: Not Found for url: https://cafef.vn/404.aspx?aspxerrorpath=/ajax/historyprice.aspx
2026-03-08 09:51:38,314 [WARNING] CafeF-v2 fetch failed for DCM: HTTPSConnectionPool(host='api.cafef.vn', port=443): Max retries exceeded with url: /api/historyprice/DCM?type=5&count=365 (Caused by NewConnectionError("HTTPSConnection(host='api.cafef.vn', port=443): Failed to establish a new connection: [WinError 10061] No connection could be made because the target machine actively refused it"))
2026-03-08 09:51:38,316 [ERROR] Cannot load DCM. Failed sources: DNSE: No data, SSI: No data, CafeF-HTML: No data, CafeF-JSON: No data. Exchange: HOSE. Check connectivity or ticker.
2026-03-08 09:51:38,318 [ERROR] Scanner DCM: too many values to unpack (expected 2)
2026-03-08 09:51:38,490 [WARNING] SSI fetch failed for DPM: 404 Client Error: Not Found for url: https://iboard-query.ssi.com.vn/v2/stock/ohlc?symbol=DPM&resolution=D&from=1741402298&to=1772938298
2026-03-08 09:51:39,555 [WARNING] CafeF fetch failed for DPM: 404 Client Error: Not Found for url: https://cafef.vn/404.aspx?aspxerrorpath=/ajax/historyprice.aspx
2026-03-08 09:51:41,723 [WARNING] CafeF-v2 fetch failed for DPM: HTTPSConnectionPool(host='api.cafef.vn', port=443): Max retries exceeded with url: /api/historyprice/DPM?type=5&count=365 (Caused by NewConnectionError("HTTPSConnection(host='api.cafef.vn', port=443): Failed to establish a new connection: [WinError 10061] No connection could be made because the target machine actively refused it"))
2026-03-08 09:51:41,725 [ERROR] Cannot load DPM. Failed sources: DNSE: No data, SSI: No data, CafeF-HTML: No data, CafeF-JSON: No data. Exchange: HOSE. Check connectivity or ticker.
2026-03-08 09:51:41,726 [ERROR] Scanner DPM: too many values to unpack (expected 2)
2026-03-08 09:51:41,877 [WARNING] SSI fetch failed for FPT: 404 Client Error: Not Found for url: https://iboard-query.ssi.com.vn/v2/stock/ohlc?symbol=FPT&resolution=D&from=1741402301&to=1772938301
2026-03-08 09:51:42,831 [WARNING] CafeF fetch failed for FPT: 404 Client Error: Not Found for url: https://cafef.vn/404.aspx?aspxerrorpath=/ajax/historyprice.aspx
2026-03-08 09:51:45,047 [WARNING] CafeF-v2 fetch failed for FPT: HTTPSConnectionPool(host='api.cafef.vn', port=443): Max retries exceeded with url: /api/historyprice/FPT?type=5&count=365 (Caused by NewConnectionError("HTTPSConnection(host='api.cafef.vn', port=443): Failed to establish a new connection: [WinError 10061] No connection could be made because the target machine actively refused it"))
2026-03-08 09:51:45,049 [ERROR] Cannot load FPT. Failed sources: DNSE: No data, SSI: No data, CafeF-HTML: No data, CafeF-JSON: No data. Exchange: HOSE. Check connectivity or ticker.
2026-03-08 09:51:45,050 [ERROR] Scanner FPT: too many values to unpack (expected 2)
2026-03-08 09:51:45,188 [WARNING] SSI fetch failed for GAS: 404 Client Error: Not Found for url: https://iboard-query.ssi.com.vn/v2/stock/ohlc?symbol=GAS&resolution=D&from=1741402305&to=1772938305
2026-03-08 09:51:46,237 [WARNING] CafeF fetch failed for GAS: 404 Client Error: Not Found for url: https://cafef.vn/404.aspx?aspxerrorpath=/ajax/historyprice.aspx
2026-03-08 09:51:48,408 [WARNING] CafeF-v2 fetch failed for GAS: HTTPSConnectionPool(host='api.cafef.vn', port=443): Max retries exceeded with url: /api/historyprice/GAS?type=5&count=365 (Caused by NewConnectionError("HTTPSConnection(host='api.cafef.vn', port=443): Failed to establish a new connection: [WinError 10061] No connection could be made because the target machine actively refused it"))
2026-03-08 09:51:48,409 [ERROR] Cannot load GAS. Failed sources: DNSE: No data, SSI: No data, CafeF-HTML: No data, CafeF-JSON: No data. Exchange: HOSE. Check connectivity or ticker.
2026-03-08 09:51:48,411 [ERROR] Scanner GAS: too many values to unpack (expected 2)
2026-03-08 09:51:48,672 [WARNING] SSI fetch failed for GEX: 404 Client Error: Not Found for url: https://iboard-query.ssi.com.vn/v2/stock/ohlc?symbol=GEX&resolution=D&from=1741402308&to=1772938308
2026-03-08 09:51:49,888 [WARNING] CafeF fetch failed for GEX: 404 Client Error: Not Found for url: https://cafef.vn/404.aspx?aspxerrorpath=/ajax/historyprice.aspx
2026-03-08 09:51:53,103 [WARNING] CafeF-v2 fetch failed for GEX: HTTPSConnectionPool(host='api.cafef.vn', port=443): Max retries exceeded with url: /api/historyprice/GEX?type=5&count=365 (Caused by NewConnectionError("HTTPSConnection(host='api.cafef.vn', port=443): Failed to establish a new connection: [WinError 10061] No connection could be made because the target machine actively refused it"))
2026-03-08 09:51:53,105 [ERROR] Cannot load GEX. Failed sources: DNSE: No data, SSI: No data, CafeF-HTML: No data, CafeF-JSON: No data. Exchange: HOSE. Check connectivity or ticker.
2026-03-08 09:51:53,106 [ERROR] Scanner GEX: too many values to unpack (expected 2)
2026-03-08 09:51:53,242 [WARNING] SSI fetch failed for HPG: 404 Client Error: Not Found for url: https://iboard-query.ssi.com.vn/v2/stock/ohlc?symbol=HPG&resolution=D&from=1741402313&to=1772938313
2026-03-08 09:51:54,341 [WARNING] CafeF fetch failed for HPG: 404 Client Error: Not Found for url: https://cafef.vn/404.aspx?aspxerrorpath=/ajax/historyprice.aspx
2026-03-08 09:51:56,488 [WARNING] CafeF-v2 fetch failed for HPG: HTTPSConnectionPool(host='api.cafef.vn', port=443): Max retries exceeded with url: /api/historyprice/HPG?type=5&count=365 (Caused by NewConnectionError("HTTPSConnection(host='api.cafef.vn', port=443): Failed to establish a new connection: [WinError 10061] No connection could be made because the target machine actively refused it"))
2026-03-08 09:51:56,490 [ERROR] Cannot load HPG. Failed sources: DNSE: No data, SSI: No data, CafeF-HTML: No data, CafeF-JSON: No data. Exchange: HOSE. Check connectivity or ticker.
2026-03-08 09:51:56,491 [ERROR] Scanner HPG: too many values to unpack (expected 2)
2026-03-08 09:51:56,625 [WARNING] SSI fetch failed for HVN: 404 Client Error: Not Found for url: https://iboard-query.ssi.com.vn/v2/stock/ohlc?symbol=HVN&resolution=D&from=1741402316&to=1772938316
2026-03-08 09:51:57,588 [WARNING] CafeF fetch failed for HVN: 404 Client Error: Not Found for url: https://cafef.vn/404.aspx?aspxerrorpath=/ajax/historyprice.aspx
2026-03-08 09:51:59,830 [WARNING] CafeF-v2 fetch failed for HVN: HTTPSConnectionPool(host='api.cafef.vn', port=443): Max retries exceeded with url: /api/historyprice/HVN?type=5&count=365 (Caused by NewConnectionError("HTTPSConnection(host='api.cafef.vn', port=443): Failed to establish a new connection: [WinError 10061] No connection could be made because the target machine actively refused it"))
2026-03-08 09:51:59,832 [ERROR] Cannot load HVN. Failed sources: DNSE: No data, SSI: No data, CafeF-HTML: No data, CafeF-JSON: No data. Exchange: HOSE. Check connectivity or ticker.
2026-03-08 09:51:59,833 [ERROR] Scanner HVN: too many values to unpack (expected 2)
2026-03-08 09:51:59,966 [WARNING] SSI fetch failed for IDC: 404 Client Error: Not Found for url: https://iboard-query.ssi.com.vn/v2/stock/ohlc?symbol=IDC&resolution=D&from=1741402319&to=1772938319
2026-03-08 09:52:01,023 [WARNING] CafeF fetch failed for IDC: 404 Client Error: Not Found for url: https://cafef.vn/404.aspx?aspxerrorpath=/ajax/historyprice.aspx
2026-03-08 09:52:03,224 [WARNING] CafeF-v2 fetch failed for IDC: HTTPSConnectionPool(host='api.cafef.vn', port=443): Max retries exceeded with url: /api/historyprice/IDC?type=5&count=365 (Caused by NewConnectionError("HTTPSConnection(host='api.cafef.vn', port=443): Failed to establish a new connection: [WinError 10061] No connection could be made because the target machine actively refused it"))
2026-03-08 09:52:03,226 [ERROR] Cannot load IDC. Failed sources: DNSE: No data, SSI: No data, CafeF-HTML: No data, CafeF-JSON: No data. Exchange: UPCOM. Check connectivity or ticker.
2026-03-08 09:52:03,227 [ERROR] Scanner IDC: too many values to unpack (expected 2)
2026-03-08 09:52:03,359 [WARNING] SSI fetch failed for ITA: 404 Client Error: Not Found for url: https://iboard-query.ssi.com.vn/v2/stock/ohlc?symbol=ITA&resolution=D&from=1741402323&to=1772938323
2026-03-08 09:52:04,302 [WARNING] CafeF fetch failed for ITA: 404 Client Error: Not Found for url: https://cafef.vn/404.aspx?aspxerrorpath=/ajax/historyprice.aspx
2026-03-08 09:52:06,482 [WARNING] CafeF-v2 fetch failed for ITA: HTTPSConnectionPool(host='api.cafef.vn', port=443): Max retries exceeded with url: /api/historyprice/ITA?type=5&count=365 (Caused by NewConnectionError("HTTPSConnection(host='api.cafef.vn', port=443): Failed to establish a new connection: [WinError 10061] No connection could be made because the target machine actively refused it"))
2026-03-08 09:52:06,483 [ERROR] Cannot load ITA. Failed sources: DNSE: No data, SSI: No data, CafeF-HTML: No data, CafeF-JSON: No data. Exchange: HOSE. Check connectivity or ticker.
2026-03-08 09:52:06,484 [ERROR] Scanner ITA: too many values to unpack (expected 2)
2026-03-08 09:52:06,613 [WARNING] SSI fetch failed for KBC: 404 Client Error: Not Found for url: https://iboard-query.ssi.com.vn/v2/stock/ohlc?symbol=KBC&resolution=D&from=1741402326&to=1772938326
2026-03-08 09:52:08,669 [WARNING] CafeF fetch failed for KBC: 404 Client Error: Not Found for url: https://cafef.vn/404.aspx?aspxerrorpath=/ajax/historyprice.aspx
2026-03-08 09:52:10,867 [WARNING] CafeF-v2 fetch failed for KBC: HTTPSConnectionPool(host='api.cafef.vn', port=443): Max retries exceeded with url: /api/historyprice/KBC?type=5&count=365 (Caused by NewConnectionError("HTTPSConnection(host='api.cafef.vn', port=443): Failed to establish a new connection: [WinError 10061] No connection could be made because the target machine actively refused it"))
2026-03-08 09:52:10,868 [ERROR] Cannot load KBC. Failed sources: DNSE: No data, SSI: No data, CafeF-HTML: No data, CafeF-JSON: No data. Exchange: HOSE. Check connectivity or ticker.
2026-03-08 09:52:10,870 [ERROR] Scanner KBC: too many values to unpack (expected 2)
2026-03-08 09:52:11,002 [WARNING] SSI fetch failed for MBB: 404 Client Error: Not Found for url: https://iboard-query.ssi.com.vn/v2/stock/ohlc?symbol=MBB&resolution=D&from=1741402330&to=1772938330
2026-03-08 09:52:11,964 [WARNING] CafeF fetch failed for MBB: 404 Client Error: Not Found for url: https://cafef.vn/404.aspx?aspxerrorpath=/ajax/historyprice.aspx
2026-03-08 09:52:14,153 [WARNING] CafeF-v2 fetch failed for MBB: HTTPSConnectionPool(host='api.cafef.vn', port=443): Max retries exceeded with url: /api/historyprice/MBB?type=5&count=365 (Caused by NewConnectionError("HTTPSConnection(host='api.cafef.vn', port=443): Failed to establish a new connection: [WinError 10061] No connection could be made because the target machine actively refused it"))
2026-03-08 09:52:14,155 [ERROR] Cannot load MBB. Failed sources: DNSE: No data, SSI: No data, CafeF-HTML: No data, CafeF-JSON: No data. Exchange: HOSE. Check connectivity or ticker.
2026-03-08 09:52:14,157 [ERROR] Scanner MBB: too many values to unpack (expected 2)
2026-03-08 09:52:14,303 [WARNING] SSI fetch failed for MWG: 404 Client Error: Not Found for url: https://iboard-query.ssi.com.vn/v2/stock/ohlc?symbol=MWG&resolution=D&from=1741402334&to=1772938334
2026-03-08 09:52:15,406 [WARNING] CafeF fetch failed for MWG: 404 Client Error: Not Found for url: https://cafef.vn/404.aspx?aspxerrorpath=/ajax/historyprice.aspx
2026-03-08 09:52:17,611 [WARNING] CafeF-v2 fetch failed for MWG: HTTPSConnectionPool(host='api.cafef.vn', port=443): Max retries exceeded with url: /api/historyprice/MWG?type=5&count=365 (Caused by NewConnectionError("HTTPSConnection(host='api.cafef.vn', port=443): Failed to establish a new connection: [WinError 10061] No connection could be made because the target machine actively refused it"))
2026-03-08 09:52:17,613 [ERROR] Cannot load MWG. Failed sources: DNSE: No data, SSI: No data, CafeF-HTML: No data, CafeF-JSON: No data. Exchange: HOSE. Check connectivity or ticker.
2026-03-08 09:52:17,614 [ERROR] Scanner MWG: too many values to unpack (expected 2)
2026-03-08 09:52:17,753 [WARNING] SSI fetch failed for OIL: 404 Client Error: Not Found for url: https://iboard-query.ssi.com.vn/v2/stock/ohlc?symbol=OIL&resolution=D&from=1741402337&to=1772938337
2026-03-08 09:52:18,739 [WARNING] CafeF fetch failed for OIL: 404 Client Error: Not Found for url: https://cafef.vn/404.aspx?aspxerrorpath=/ajax/historyprice.aspx
2026-03-08 09:52:20,902 [WARNING] CafeF-v2 fetch failed for OIL: HTTPSConnectionPool(host='api.cafef.vn', port=443): Max retries exceeded with url: /api/historyprice/OIL?type=5&count=365 (Caused by NewConnectionError("HTTPSConnection(host='api.cafef.vn', port=443): Failed to establish a new connection: [WinError 10061] No connection could be made because the target machine actively refused it"))
2026-03-08 09:52:20,904 [ERROR] Cannot load OIL. Failed sources: DNSE: No data, SSI: No data, CafeF-HTML: No data, CafeF-JSON: No data. Exchange: UPCOM. Check connectivity or ticker.
2026-03-08 09:52:20,906 [ERROR] Scanner OIL: too many values to unpack (expected 2)
2026-03-08 09:52:21,048 [WARNING] SSI fetch failed for PC1: 404 Client Error: Not Found for url: https://iboard-query.ssi.com.vn/v2/stock/ohlc?symbol=PC1&resolution=D&from=1741402340&to=1772938340
2026-03-08 09:52:22,104 [WARNING] CafeF fetch failed for PC1: 404 Client Error: Not Found for url: https://cafef.vn/404.aspx?aspxerrorpath=/ajax/historyprice.aspx
2026-03-08 09:52:25,312 [WARNING] CafeF-v2 fetch failed for PC1: HTTPSConnectionPool(host='api.cafef.vn', port=443): Max retries exceeded with url: /api/historyprice/PC1?type=5&count=365 (Caused by NewConnectionError("HTTPSConnection(host='api.cafef.vn', port=443): Failed to establish a new connection: [WinError 10061] No connection could be made because the target machine actively refused it"))
2026-03-08 09:52:25,314 [ERROR] Cannot load PC1. Failed sources: DNSE: No data, SSI: No data, CafeF-HTML: No data, CafeF-JSON: No data. Exchange: HOSE. Check connectivity or ticker.
2026-03-08 09:52:25,316 [ERROR] Scanner PC1: too many values to unpack (expected 2)
2026-03-08 09:52:25,461 [WARNING] SSI fetch failed for PET: 404 Client Error: Not Found for url: https://iboard-query.ssi.com.vn/v2/stock/ohlc?symbol=PET&resolution=D&from=1741402345&to=1772938345
2026-03-08 09:52:26,495 [WARNING] CafeF fetch failed for PET: 404 Client Error: Not Found for url: https://cafef.vn/404.aspx?aspxerrorpath=/ajax/historyprice.aspx
2026-03-08 09:52:28,651 [WARNING] CafeF-v2 fetch failed for PET: HTTPSConnectionPool(host='api.cafef.vn', port=443): Max retries exceeded with url: /api/historyprice/PET?type=5&count=365 (Caused by NewConnectionError("HTTPSConnection(host='api.cafef.vn', port=443): Failed to establish a new connection: [WinError 10061] No connection could be made because the target machine actively refused it"))
2026-03-08 09:52:28,653 [ERROR] Cannot load PET. Failed sources: DNSE: No data, SSI: No data, CafeF-HTML: No data, CafeF-JSON: No data. Exchange: HOSE. Check connectivity or ticker.
2026-03-08 09:52:28,654 [ERROR] Scanner PET: too many values to unpack (expected 2)
2026-03-08 09:52:28,793 [WARNING] SSI fetch failed for PHR: 404 Client Error: Not Found for url: https://iboard-query.ssi.com.vn/v2/stock/ohlc?symbol=PHR&resolution=D&from=1741402348&to=1772938348
2026-03-08 09:52:29,851 [WARNING] CafeF fetch failed for PHR: 404 Client Error: Not Found for url: https://cafef.vn/404.aspx?aspxerrorpath=/ajax/historyprice.aspx
2026-03-08 09:52:32,060 [WARNING] CafeF-v2 fetch failed for PHR: HTTPSConnectionPool(host='api.cafef.vn', port=443): Max retries exceeded with url: /api/historyprice/PHR?type=5&count=365 (Caused by NewConnectionError("HTTPSConnection(host='api.cafef.vn', port=443): Failed to establish a new connection: [WinError 10061] No connection could be made because the target machine actively refused it"))
2026-03-08 09:52:32,062 [ERROR] Cannot load PHR. Failed sources: DNSE: No data, SSI: No data, CafeF-HTML: No data, CafeF-JSON: No data. Exchange: HOSE. Check connectivity or ticker.
2026-03-08 09:52:32,063 [ERROR] Scanner PHR: too many values to unpack (expected 2)
2026-03-08 09:52:32,200 [WARNING] SSI fetch failed for POW: 404 Client Error: Not Found for url: https://iboard-query.ssi.com.vn/v2/stock/ohlc?symbol=POW&resolution=D&from=1741402352&to=1772938352
2026-03-08 09:52:33,221 [WARNING] CafeF fetch failed for POW: 404 Client Error: Not Found for url: https://cafef.vn/404.aspx?aspxerrorpath=/ajax/historyprice.aspx
2026-03-08 09:52:35,435 [WARNING] CafeF-v2 fetch failed for POW: HTTPSConnectionPool(host='api.cafef.vn', port=443): Max retries exceeded with url: /api/historyprice/POW?type=5&count=365 (Caused by NewConnectionError("HTTPSConnection(host='api.cafef.vn', port=443): Failed to establish a new connection: [WinError 10061] No connection could be made because the target machine actively refused it"))
2026-03-08 09:52:35,437 [ERROR] Cannot load POW. Failed sources: DNSE: No data, SSI: No data, CafeF-HTML: No data, CafeF-JSON: No data. Exchange: HOSE. Check connectivity or ticker.
2026-03-08 09:52:35,438 [ERROR] Scanner POW: too many values to unpack (expected 2)
2026-03-08 09:52:35,576 [WARNING] SSI fetch failed for PVD: 404 Client Error: Not Found for url: https://iboard-query.ssi.com.vn/v2/stock/ohlc?symbol=PVD&resolution=D&from=1741402355&to=1772938355
2026-03-08 09:52:36,597 [WARNING] CafeF fetch failed for PVD: 404 Client Error: Not Found for url: https://cafef.vn/404.aspx?aspxerrorpath=/ajax/historyprice.aspx
2026-03-08 09:52:39,814 [WARNING] CafeF-v2 fetch failed for PVD: HTTPSConnectionPool(host='api.cafef.vn', port=443): Max retries exceeded with url: /api/historyprice/PVD?type=5&count=365 (Caused by NewConnectionError("HTTPSConnection(host='api.cafef.vn', port=443): Failed to establish a new connection: [WinError 10061] No connection could be made because the target machine actively refused it"))
2026-03-08 09:52:39,815 [ERROR] Cannot load PVD. Failed sources: DNSE: No data, SSI: No data, CafeF-HTML: No data, CafeF-JSON: No data. Exchange: HOSE. Check connectivity or ticker.
2026-03-08 09:52:39,816 [ERROR] Scanner PVD: too many values to unpack (expected 2)
2026-03-08 09:52:39,960 [WARNING] SSI fetch failed for PVS: 404 Client Error: Not Found for url: https://iboard-query.ssi.com.vn/v2/stock/ohlc?symbol=PVS&resolution=D&from=1741402359&to=1772938359
2026-03-08 09:52:40,920 [WARNING] CafeF fetch failed for PVS: 404 Client Error: Not Found for url: https://cafef.vn/404.aspx?aspxerrorpath=/ajax/historyprice.aspx
2026-03-08 09:52:43,095 [WARNING] CafeF-v2 fetch failed for PVS: HTTPSConnectionPool(host='api.cafef.vn', port=443): Max retries exceeded with url: /api/historyprice/PVS?type=5&count=365 (Caused by NewConnectionError("HTTPSConnection(host='api.cafef.vn', port=443): Failed to establish a new connection: [WinError 10061] No connection could be made because the target machine actively refused it"))
2026-03-08 09:52:43,096 [ERROR] Cannot load PVS. Failed sources: DNSE: No data, SSI: No data, CafeF-HTML: No data, CafeF-JSON: No data. Exchange: HNX. Check connectivity or ticker.
2026-03-08 09:52:43,098 [ERROR] Scanner PVS: too many values to unpack (expected 2)
2026-03-08 09:52:43,238 [WARNING] SSI fetch failed for REE: 404 Client Error: Not Found for url: https://iboard-query.ssi.com.vn/v2/stock/ohlc?symbol=REE&resolution=D&from=1741402363&to=1772938363
2026-03-08 09:52:44,277 [WARNING] CafeF fetch failed for REE: 404 Client Error: Not Found for url: https://cafef.vn/404.aspx?aspxerrorpath=/ajax/historyprice.aspx
2026-03-08 09:52:46,500 [WARNING] CafeF-v2 fetch failed for REE: HTTPSConnectionPool(host='api.cafef.vn', port=443): Max retries exceeded with url: /api/historyprice/REE?type=5&count=365 (Caused by NewConnectionError("HTTPSConnection(host='api.cafef.vn', port=443): Failed to establish a new connection: [WinError 10061] No connection could be made because the target machine actively refused it"))
2026-03-08 09:52:46,502 [ERROR] Cannot load REE. Failed sources: DNSE: No data, SSI: No data, CafeF-HTML: No data, CafeF-JSON: No data. Exchange: HOSE. Check connectivity or ticker.
2026-03-08 09:52:46,504 [ERROR] Scanner REE: too many values to unpack (expected 2)
2026-03-08 09:52:46,678 [WARNING] SSI fetch failed for SSI: 404 Client Error: Not Found for url: https://iboard-query.ssi.com.vn/v2/stock/ohlc?symbol=SSI&resolution=D&from=1741402366&to=1772938366
2026-03-08 09:52:47,644 [WARNING] CafeF fetch failed for SSI: 404 Client Error: Not Found for url: https://cafef.vn/404.aspx?aspxerrorpath=/ajax/historyprice.aspx
2026-03-08 09:52:49,805 [WARNING] CafeF-v2 fetch failed for SSI: HTTPSConnectionPool(host='api.cafef.vn', port=443): Max retries exceeded with url: /api/historyprice/SSI?type=5&count=365 (Caused by NewConnectionError("HTTPSConnection(host='api.cafef.vn', port=443): Failed to establish a new connection: [WinError 10061] No connection could be made because the target machine actively refused it"))
2026-03-08 09:52:49,807 [ERROR] Cannot load SSI. Failed sources: DNSE: No data, SSI: No data, CafeF-HTML: No data, CafeF-JSON: No data. Exchange: HOSE. Check connectivity or ticker.
2026-03-08 09:52:49,808 [ERROR] Scanner SSI: too many values to unpack (expected 2)
2026-03-08 09:52:49,943 [WARNING] SSI fetch failed for SZC: 404 Client Error: Not Found for url: https://iboard-query.ssi.com.vn/v2/stock/ohlc?symbol=SZC&resolution=D&from=1741402369&to=1772938369
2026-03-08 09:52:50,952 [WARNING] CafeF fetch failed for SZC: 404 Client Error: Not Found for url: https://cafef.vn/404.aspx?aspxerrorpath=/ajax/historyprice.aspx
2026-03-08 09:52:53,180 [WARNING] CafeF-v2 fetch failed for SZC: HTTPSConnectionPool(host='api.cafef.vn', port=443): Max retries exceeded with url: /api/historyprice/SZC?type=5&count=365 (Caused by NewConnectionError("HTTPSConnection(host='api.cafef.vn', port=443): Failed to establish a new connection: [WinError 10061] No connection could be made because the target machine actively refused it"))
2026-03-08 09:52:53,182 [ERROR] Cannot load SZC. Failed sources: DNSE: No data, SSI: No data, CafeF-HTML: No data, CafeF-JSON: No data. Exchange: HOSE. Check connectivity or ticker.
2026-03-08 09:52:53,182 [ERROR] Scanner SZC: too many values to unpack (expected 2)
2026-03-08 09:52:53,315 [WARNING] SSI fetch failed for TCB: 404 Client Error: Not Found for url: https://iboard-query.ssi.com.vn/v2/stock/ohlc?symbol=TCB&resolution=D&from=1741402373&to=1772938373
2026-03-08 09:52:54,347 [WARNING] CafeF fetch failed for TCB: 404 Client Error: Not Found for url: https://cafef.vn/404.aspx?aspxerrorpath=/ajax/historyprice.aspx
2026-03-08 09:52:56,512 [WARNING] CafeF-v2 fetch failed for TCB: HTTPSConnectionPool(host='api.cafef.vn', port=443): Max retries exceeded with url: /api/historyprice/TCB?type=5&count=365 (Caused by NewConnectionError("HTTPSConnection(host='api.cafef.vn', port=443): Failed to establish a new connection: [WinError 10061] No connection could be made because the target machine actively refused it"))
2026-03-08 09:52:56,513 [ERROR] Cannot load TCB. Failed sources: DNSE: No data, SSI: No data, CafeF-HTML: No data, CafeF-JSON: No data. Exchange: HOSE. Check connectivity or ticker.
2026-03-08 09:52:56,514 [ERROR] Scanner TCB: too many values to unpack (expected 2)
2026-03-08 09:52:56,661 [WARNING] SSI fetch failed for VCB: 404 Client Error: Not Found for url: https://iboard-query.ssi.com.vn/v2/stock/ohlc?symbol=VCB&resolution=D&from=1741402376&to=1772938376
2026-03-08 09:52:58,671 [WARNING] CafeF fetch failed for VCB: 404 Client Error: Not Found for url: https://cafef.vn/404.aspx?aspxerrorpath=/ajax/historyprice.aspx
2026-03-08 09:53:00,886 [WARNING] CafeF-v2 fetch failed for VCB: HTTPSConnectionPool(host='api.cafef.vn', port=443): Max retries exceeded with url: /api/historyprice/VCB?type=5&count=365 (Caused by NewConnectionError("HTTPSConnection(host='api.cafef.vn', port=443): Failed to establish a new connection: [WinError 10061] No connection could be made because the target machine actively refused it"))
2026-03-08 09:53:00,888 [ERROR] Cannot load VCB. Failed sources: DNSE: No data, SSI: No data, CafeF-HTML: No data, CafeF-JSON: No data. Exchange: HOSE. Check connectivity or ticker.
2026-03-08 09:53:00,889 [ERROR] Scanner VCB: too many values to unpack (expected 2)
2026-03-08 09:53:01,029 [WARNING] SSI fetch failed for VGC: 404 Client Error: Not Found for url: https://iboard-query.ssi.com.vn/v2/stock/ohlc?symbol=VGC&resolution=D&from=1741402380&to=1772938380
2026-03-08 09:53:02,060 [WARNING] CafeF fetch failed for VGC: 404 Client Error: Not Found for url: https://cafef.vn/404.aspx?aspxerrorpath=/ajax/historyprice.aspx
2026-03-08 09:53:04,230 [WARNING] CafeF-v2 fetch failed for VGC: HTTPSConnectionPool(host='api.cafef.vn', port=443): Max retries exceeded with url: /api/historyprice/VGC?type=5&count=365 (Caused by NewConnectionError("HTTPSConnection(host='api.cafef.vn', port=443): Failed to establish a new connection: [WinError 10061] No connection could be made because the target machine actively refused it"))
2026-03-08 09:53:04,232 [ERROR] Cannot load VGC. Failed sources: DNSE: No data, SSI: No data, CafeF-HTML: No data, CafeF-JSON: No data. Exchange: HOSE. Check connectivity or ticker.
2026-03-08 09:53:04,234 [ERROR] Scanner VGC: too many values to unpack (expected 2)
2026-03-08 09:53:04,370 [WARNING] SSI fetch failed for VIC: 404 Client Error: Not Found for url: https://iboard-query.ssi.com.vn/v2/stock/ohlc?symbol=VIC&resolution=D&from=1741402384&to=1772938384
2026-03-08 09:53:05,882 [WARNING] CafeF fetch failed for VIC: 404 Client Error: Not Found for url: https://cafef.vn/404.aspx?aspxerrorpath=/ajax/historyprice.aspx
2026-03-08 09:53:08,087 [WARNING] CafeF-v2 fetch failed for VIC: HTTPSConnectionPool(host='api.cafef.vn', port=443): Max retries exceeded with url: /api/historyprice/VIC?type=5&count=365 (Caused by NewConnectionError("HTTPSConnection(host='api.cafef.vn', port=443): Failed to establish a new connection: [WinError 10061] No connection could be made because the target machine actively refused it"))
2026-03-08 09:53:08,089 [ERROR] Cannot load VIC. Failed sources: DNSE: No data, SSI: No data, CafeF-HTML: No data, CafeF-JSON: No data. Exchange: HOSE. Check connectivity or ticker.
2026-03-08 09:53:08,090 [ERROR] Scanner VIC: too many values to unpack (expected 2)
2026-03-08 09:53:08,229 [WARNING] SSI fetch failed for VJC: 404 Client Error: Not Found for url: https://iboard-query.ssi.com.vn/v2/stock/ohlc?symbol=VJC&resolution=D&from=1741402388&to=1772938388
2026-03-08 09:53:09,225 [WARNING] CafeF fetch failed for VJC: 404 Client Error: Not Found for url: https://cafef.vn/404.aspx?aspxerrorpath=/ajax/historyprice.aspx
2026-03-08 09:53:11,410 [WARNING] CafeF-v2 fetch failed for VJC: HTTPSConnectionPool(host='api.cafef.vn', port=443): Max retries exceeded with url: /api/historyprice/VJC?type=5&count=365 (Caused by NewConnectionError("HTTPSConnection(host='api.cafef.vn', port=443): Failed to establish a new connection: [WinError 10061] No connection could be made because the target machine actively refused it"))
2026-03-08 09:53:11,411 [ERROR] Cannot load VJC. Failed sources: DNSE: No data, SSI: No data, CafeF-HTML: No data, CafeF-JSON: No data. Exchange: HOSE. Check connectivity or ticker.
2026-03-08 09:53:11,413 [ERROR] Scanner VJC: too many values to unpack (expected 2)
2026-03-08 09:53:11,568 [WARNING] SSI fetch failed for VPL: 404 Client Error: Not Found for url: https://iboard-query.ssi.com.vn/v2/stock/ohlc?symbol=VPL&resolution=D&from=1741402391&to=1772938391
2026-03-08 09:53:13,653 [WARNING] CafeF fetch failed for VPL: 404 Client Error: Not Found for url: https://cafef.vn/404.aspx?aspxerrorpath=/ajax/historyprice.aspx
2026-03-08 09:53:15,859 [WARNING] CafeF-v2 fetch failed for VPL: HTTPSConnectionPool(host='api.cafef.vn', port=443): Max retries exceeded with url: /api/historyprice/VPL?type=5&count=365 (Caused by NewConnectionError("HTTPSConnection(host='api.cafef.vn', port=443): Failed to establish a new connection: [WinError 10061] No connection could be made because the target machine actively refused it"))
2026-03-08 09:53:15,861 [ERROR] Cannot load VPL. Failed sources: DNSE: No data, SSI: No data, CafeF-HTML: No data, CafeF-JSON: No data. Exchange: HOSE. Check connectivity or ticker.
2026-03-08 09:53:15,863 [ERROR] Scanner VPL: too many values to unpack (expected 2)
2026-03-08 09:55:17,598 [WARNING] SSI fetch failed for FPT: 404 Client Error: Not Found for url: https://iboard-query.ssi.com.vn/v2/stock/ohlc?symbol=FPT&resolution=D&from=1709866516&to=1772938516
2026-03-08 09:55:19,097 [WARNING] CafeF fetch failed for FPT: 404 Client Error: Not Found for url: https://cafef.vn/404.aspx?aspxerrorpath=/ajax/historyprice.aspx
2026-03-08 09:55:22,335 [WARNING] CafeF-v2 fetch failed for FPT: HTTPSConnectionPool(host='api.cafef.vn', port=443): Max retries exceeded with url: /api/historyprice/FPT?type=5&count=500 (Caused by NewConnectionError("HTTPSConnection(host='api.cafef.vn', port=443): Failed to establish a new connection: [WinError 10061] No connection could be made because the target machine actively refused it"))
2026-03-08 09:55:22,336 [ERROR] Cannot load FPT. Failed sources: DNSE: No data, SSI: No data, CafeF-HTML: No data, CafeF-JSON: No data. Exchange: HOSE. Check connectivity or ticker.
2026-03-08 09:55:22,338 [ERROR] Deep Audit FPT: too many values to unpack (expected 2)
2026-03-08 10:00:15,000 [WARNING] CafeF fetch failed for APH: HTTPSConnectionPool(host='cafef.vn', port=443): Read timed out. (read timeout=15)
2026-03-08 10:00:17,219 [WARNING] CafeF-v2 fetch failed for APH: HTTPSConnectionPool(host='api.cafef.vn', port=443): Max retries exceeded with url: /api/historyprice/APH?type=5&count=365 (Caused by NewConnectionError("HTTPSConnection(host='api.cafef.vn', port=443): Failed to establish a new connection: [WinError 10061] No connection could be made because the target machine actively refused it"))
2026-03-08 10:00:17,221 [ERROR] Cannot load APH. Failed sources: DNSE: No data, SSI: No data, CafeF-HTML: No data, CafeF-JSON: No data. Exchange: HOSE. Check connectivity or ticker.
2026-03-08 10:00:17,222 [ERROR] Scanner APH: too many values to unpack (expected 2)
2026-03-08 10:00:19,121 [WARNING] CafeF fetch failed for BCM: 404 Client Error: Not Found for url: https://cafef.vn/404.aspx?aspxerrorpath=/lichsugia/lichsugia.aspx
2026-03-08 10:00:21,313 [WARNING] CafeF-v2 fetch failed for BCM: HTTPSConnectionPool(host='api.cafef.vn', port=443): Max retries exceeded with url: /api/historyprice/BCM?type=5&count=365 (Caused by NewConnectionError("HTTPSConnection(host='api.cafef.vn', port=443): Failed to establish a new connection: [WinError 10061] No connection could be made because the target machine actively refused it"))
2026-03-08 10:00:21,316 [ERROR] Cannot load BCM. Failed sources: DNSE: No data, SSI: No data, CafeF-HTML: No data, CafeF-JSON: No data. Exchange: UPCOM. Check connectivity or ticker.
2026-03-08 10:00:21,318 [ERROR] Scanner BCM: too many values to unpack (expected 2)
2026-03-08 10:00:23,020 [WARNING] CafeF fetch failed for BSR: 404 Client Error: Not Found for url: https://cafef.vn/404.aspx?aspxerrorpath=/lichsugia/lichsugia.aspx
2026-03-08 10:00:25,230 [WARNING] CafeF-v2 fetch failed for BSR: HTTPSConnectionPool(host='api.cafef.vn', port=443): Max retries exceeded with url: /api/historyprice/BSR?type=5&count=365 (Caused by NewConnectionError("HTTPSConnection(host='api.cafef.vn', port=443): Failed to establish a new connection: [WinError 10061] No connection could be made because the target machine actively refused it"))
2026-03-08 10:00:25,232 [ERROR] Cannot load BSR. Failed sources: DNSE: No data, SSI: No data, CafeF-HTML: No data, CafeF-JSON: No data. Exchange: UPCOM. Check connectivity or ticker.
2026-03-08 10:00:25,234 [ERROR] Scanner BSR: too many values to unpack (expected 2)
2026-03-08 10:00:27,191 [WARNING] CafeF fetch failed for CMG: 404 Client Error: Not Found for url: https://cafef.vn/404.aspx?aspxerrorpath=/lichsugia/lichsugia.aspx
2026-03-08 10:00:29,355 [WARNING] CafeF-v2 fetch failed for CMG: HTTPSConnectionPool(host='api.cafef.vn', port=443): Max retries exceeded with url: /api/historyprice/CMG?type=5&count=365 (Caused by NewConnectionError("HTTPSConnection(host='api.cafef.vn', port=443): Failed to establish a new connection: [WinError 10061] No connection could be made because the target machine actively refused it"))
2026-03-08 10:00:29,358 [ERROR] Cannot load CMG. Failed sources: DNSE: No data, SSI: No data, CafeF-HTML: No data, CafeF-JSON: No data. Exchange: HOSE. Check connectivity or ticker.
2026-03-08 10:00:29,359 [ERROR] Scanner CMG: too many values to unpack (expected 2)
2026-03-08 10:00:31,002 [WARNING] CafeF fetch failed for DCM: 404 Client Error: Not Found for url: https://cafef.vn/404.aspx?aspxerrorpath=/lichsugia/lichsugia.aspx
2026-03-08 10:00:33,214 [WARNING] CafeF-v2 fetch failed for DCM: HTTPSConnectionPool(host='api.cafef.vn', port=443): Max retries exceeded with url: /api/historyprice/DCM?type=5&count=365 (Caused by NewConnectionError("HTTPSConnection(host='api.cafef.vn', port=443): Failed to establish a new connection: [WinError 10061] No connection could be made because the target machine actively refused it"))
2026-03-08 10:00:33,215 [ERROR] Cannot load DCM. Failed sources: DNSE: No data, SSI: No data, CafeF-HTML: No data, CafeF-JSON: No data. Exchange: HOSE. Check connectivity or ticker.
2026-03-08 10:00:33,216 [ERROR] Scanner DCM: too many values to unpack (expected 2)
2026-03-08 10:00:34,486 [WARNING] CafeF fetch failed for DPM: 404 Client Error: Not Found for url: https://cafef.vn/404.aspx?aspxerrorpath=/lichsugia/lichsugia.aspx
2026-03-08 10:00:36,633 [WARNING] CafeF-v2 fetch failed for DPM: HTTPSConnectionPool(host='api.cafef.vn', port=443): Max retries exceeded with url: /api/historyprice/DPM?type=5&count=365 (Caused by NewConnectionError("HTTPSConnection(host='api.cafef.vn', port=443): Failed to establish a new connection: [WinError 10061] No connection could be made because the target machine actively refused it"))
2026-03-08 10:00:36,635 [ERROR] Cannot load DPM. Failed sources: DNSE: No data, SSI: No data, CafeF-HTML: No data, CafeF-JSON: No data. Exchange: HOSE. Check connectivity or ticker.
2026-03-08 10:00:36,636 [ERROR] Scanner DPM: too many values to unpack (expected 2)
2026-03-08 10:00:37,846 [WARNING] CafeF fetch failed for FPT: 404 Client Error: Not Found for url: https://cafef.vn/404.aspx?aspxerrorpath=/lichsugia/lichsugia.aspx
2026-03-08 10:00:40,073 [WARNING] CafeF-v2 fetch failed for FPT: HTTPSConnectionPool(host='api.cafef.vn', port=443): Max retries exceeded with url: /api/historyprice/FPT?type=5&count=365 (Caused by NewConnectionError("HTTPSConnection(host='api.cafef.vn', port=443): Failed to establish a new connection: [WinError 10061] No connection could be made because the target machine actively refused it"))
2026-03-08 10:00:40,074 [ERROR] Cannot load FPT. Failed sources: DNSE: No data, SSI: No data, CafeF-HTML: No data, CafeF-JSON: No data. Exchange: HOSE. Check connectivity or ticker.
2026-03-08 10:00:40,076 [ERROR] Scanner FPT: too many values to unpack (expected 2)
2026-03-08 10:00:41,385 [WARNING] CafeF fetch failed for GAS: 404 Client Error: Not Found for url: https://cafef.vn/404.aspx?aspxerrorpath=/lichsugia/lichsugia.aspx
2026-03-08 10:00:43,556 [WARNING] CafeF-v2 fetch failed for GAS: HTTPSConnectionPool(host='api.cafef.vn', port=443): Max retries exceeded with url: /api/historyprice/GAS?type=5&count=365 (Caused by NewConnectionError("HTTPSConnection(host='api.cafef.vn', port=443): Failed to establish a new connection: [WinError 10061] No connection could be made because the target machine actively refused it"))
2026-03-08 10:00:43,558 [ERROR] Cannot load GAS. Failed sources: DNSE: No data, SSI: No data, CafeF-HTML: No data, CafeF-JSON: No data. Exchange: HOSE. Check connectivity or ticker.
2026-03-08 10:00:43,560 [ERROR] Scanner GAS: too many values to unpack (expected 2)
2026-03-08 10:00:45,040 [WARNING] CafeF fetch failed for GEX: 404 Client Error: Not Found for url: https://cafef.vn/404.aspx?aspxerrorpath=/lichsugia/lichsugia.aspx
2026-03-08 10:00:48,272 [WARNING] CafeF-v2 fetch failed for GEX: HTTPSConnectionPool(host='api.cafef.vn', port=443): Max retries exceeded with url: /api/historyprice/GEX?type=5&count=365 (Caused by NewConnectionError("HTTPSConnection(host='api.cafef.vn', port=443): Failed to establish a new connection: [WinError 10061] No connection could be made because the target machine actively refused it"))
2026-03-08 10:00:48,275 [ERROR] Cannot load GEX. Failed sources: DNSE: No data, SSI: No data, CafeF-HTML: No data, CafeF-JSON: No data. Exchange: HOSE. Check connectivity or ticker.
2026-03-08 10:00:48,278 [ERROR] Scanner GEX: too many values to unpack (expected 2)
2026-03-08 10:00:50,259 [WARNING] CafeF fetch failed for HPG: 404 Client Error: Not Found for url: https://cafef.vn/404.aspx?aspxerrorpath=/lichsugia/lichsugia.aspx
2026-03-08 10:00:52,417 [WARNING] CafeF-v2 fetch failed for HPG: HTTPSConnectionPool(host='api.cafef.vn', port=443): Max retries exceeded with url: /api/historyprice/HPG?type=5&count=365 (Caused by NewConnectionError("HTTPSConnection(host='api.cafef.vn', port=443): Failed to establish a new connection: [WinError 10061] No connection could be made because the target machine actively refused it"))
2026-03-08 10:00:52,419 [ERROR] Cannot load HPG. Failed sources: DNSE: No data, SSI: No data, CafeF-HTML: No data, CafeF-JSON: No data. Exchange: HOSE. Check connectivity or ticker.
2026-03-08 10:00:52,421 [ERROR] Scanner HPG: too many values to unpack (expected 2)
2026-03-08 10:00:53,684 [WARNING] CafeF fetch failed for HVN: 404 Client Error: Not Found for url: https://cafef.vn/404.aspx?aspxerrorpath=/lichsugia/lichsugia.aspx
2026-03-08 10:00:56,921 [WARNING] CafeF-v2 fetch failed for HVN: HTTPSConnectionPool(host='api.cafef.vn', port=443): Max retries exceeded with url: /api/historyprice/HVN?type=5&count=365 (Caused by NewConnectionError("HTTPSConnection(host='api.cafef.vn', port=443): Failed to establish a new connection: [WinError 10061] No connection could be made because the target machine actively refused it"))
2026-03-08 10:00:56,923 [ERROR] Cannot load HVN. Failed sources: DNSE: No data, SSI: No data, CafeF-HTML: No data, CafeF-JSON: No data. Exchange: HOSE. Check connectivity or ticker.
2026-03-08 10:00:56,925 [ERROR] Scanner HVN: too many values to unpack (expected 2)
2026-03-08 10:00:58,748 [WARNING] CafeF fetch failed for IDC: 404 Client Error: Not Found for url: https://cafef.vn/404.aspx?aspxerrorpath=/lichsugia/lichsugia.aspx
2026-03-08 10:01:00,965 [WARNING] CafeF-v2 fetch failed for IDC: HTTPSConnectionPool(host='api.cafef.vn', port=443): Max retries exceeded with url: /api/historyprice/IDC?type=5&count=365 (Caused by NewConnectionError("HTTPSConnection(host='api.cafef.vn', port=443): Failed to establish a new connection: [WinError 10061] No connection could be made because the target machine actively refused it"))
2026-03-08 10:01:00,968 [ERROR] Cannot load IDC. Failed sources: DNSE: No data, SSI: No data, CafeF-HTML: No data, CafeF-JSON: No data. Exchange: UPCOM. Check connectivity or ticker.
2026-03-08 10:01:00,971 [ERROR] Scanner IDC: too many values to unpack (expected 2)
2026-03-08 10:01:02,730 [WARNING] CafeF fetch failed for ITA: 404 Client Error: Not Found for url: https://cafef.vn/404.aspx?aspxerrorpath=/lichsugia/lichsugia.aspx
2026-03-08 10:01:04,946 [WARNING] CafeF-v2 fetch failed for ITA: HTTPSConnectionPool(host='api.cafef.vn', port=443): Max retries exceeded with url: /api/historyprice/ITA?type=5&count=365 (Caused by NewConnectionError("HTTPSConnection(host='api.cafef.vn', port=443): Failed to establish a new connection: [WinError 10061] No connection could be made because the target machine actively refused it"))
2026-03-08 10:01:04,961 [ERROR] Cannot load ITA. Failed sources: DNSE: No data, SSI: No data, CafeF-HTML: No data, CafeF-JSON: No data. Exchange: HOSE. Check connectivity or ticker.
2026-03-08 10:01:04,962 [ERROR] Scanner ITA: too many values to unpack (expected 2)
2026-03-08 10:01:06,697 [WARNING] CafeF fetch failed for KBC: 404 Client Error: Not Found for url: https://cafef.vn/404.aspx?aspxerrorpath=/lichsugia/lichsugia.aspx
2026-03-08 10:01:08,856 [WARNING] CafeF-v2 fetch failed for KBC: HTTPSConnectionPool(host='api.cafef.vn', port=443): Max retries exceeded with url: /api/historyprice/KBC?type=5&count=365 (Caused by NewConnectionError("HTTPSConnection(host='api.cafef.vn', port=443): Failed to establish a new connection: [WinError 10061] No connection could be made because the target machine actively refused it"))
2026-03-08 10:01:08,858 [ERROR] Cannot load KBC. Failed sources: DNSE: No data, SSI: No data, CafeF-HTML: No data, CafeF-JSON: No data. Exchange: HOSE. Check connectivity or ticker.
2026-03-08 10:01:08,859 [ERROR] Scanner KBC: too many values to unpack (expected 2)
2026-03-08 10:01:11,497 [WARNING] CafeF fetch failed for MBB: 404 Client Error: Not Found for url: https://cafef.vn/404.aspx?aspxerrorpath=/lichsugia/lichsugia.aspx
2026-03-08 10:01:13,789 [WARNING] CafeF-v2 fetch failed for MBB: HTTPSConnectionPool(host='api.cafef.vn', port=443): Max retries exceeded with url: /api/historyprice/MBB?type=5&count=365 (Caused by NewConnectionError("HTTPSConnection(host='api.cafef.vn', port=443): Failed to establish a new connection: [WinError 10061] No connection could be made because the target machine actively refused it"))
2026-03-08 10:01:13,790 [ERROR] Cannot load MBB. Failed sources: DNSE: No data, SSI: No data, CafeF-HTML: No data, CafeF-JSON: No data. Exchange: HOSE. Check connectivity or ticker.
2026-03-08 10:01:13,792 [ERROR] Scanner MBB: too many values to unpack (expected 2)
2026-03-08 10:01:15,497 [WARNING] CafeF fetch failed for MWG: 404 Client Error: Not Found for url: https://cafef.vn/404.aspx?aspxerrorpath=/lichsugia/lichsugia.aspx
2026-03-08 10:01:17,650 [WARNING] CafeF-v2 fetch failed for MWG: HTTPSConnectionPool(host='api.cafef.vn', port=443): Max retries exceeded with url: /api/historyprice/MWG?type=5&count=365 (Caused by NewConnectionError("HTTPSConnection(host='api.cafef.vn', port=443): Failed to establish a new connection: [WinError 10061] No connection could be made because the target machine actively refused it"))
2026-03-08 10:01:17,652 [ERROR] Cannot load MWG. Failed sources: DNSE: No data, SSI: No data, CafeF-HTML: No data, CafeF-JSON: No data. Exchange: HOSE. Check connectivity or ticker.
2026-03-08 10:01:17,653 [ERROR] Scanner MWG: too many values to unpack (expected 2)
2026-03-08 10:01:19,468 [WARNING] CafeF fetch failed for OIL: 404 Client Error: Not Found for url: https://cafef.vn/404.aspx?aspxerrorpath=/lichsugia/lichsugia.aspx
2026-03-08 10:01:21,687 [WARNING] CafeF-v2 fetch failed for OIL: HTTPSConnectionPool(host='api.cafef.vn', port=443): Max retries exceeded with url: /api/historyprice/OIL?type=5&count=365 (Caused by NewConnectionError("HTTPSConnection(host='api.cafef.vn', port=443): Failed to establish a new connection: [WinError 10061] No connection could be made because the target machine actively refused it"))
2026-03-08 10:01:21,689 [ERROR] Cannot load OIL. Failed sources: DNSE: No data, SSI: No data, CafeF-HTML: No data, CafeF-JSON: No data. Exchange: UPCOM. Check connectivity or ticker.
2026-03-08 10:01:21,690 [ERROR] Scanner OIL: too many values to unpack (expected 2)
2026-03-08 10:01:23,531 [WARNING] CafeF fetch failed for PC1: 404 Client Error: Not Found for url: https://cafef.vn/404.aspx?aspxerrorpath=/lichsugia/lichsugia.aspx
2026-03-08 10:01:25,699 [WARNING] CafeF-v2 fetch failed for PC1: HTTPSConnectionPool(host='api.cafef.vn', port=443): Max retries exceeded with url: /api/historyprice/PC1?type=5&count=365 (Caused by NewConnectionError("HTTPSConnection(host='api.cafef.vn', port=443): Failed to establish a new connection: [WinError 10061] No connection could be made because the target machine actively refused it"))
2026-03-08 10:01:25,700 [ERROR] Cannot load PC1. Failed sources: DNSE: No data, SSI: No data, CafeF-HTML: No data, CafeF-JSON: No data. Exchange: HOSE. Check connectivity or ticker.
2026-03-08 10:01:25,701 [ERROR] Scanner PC1: too many values to unpack (expected 2)
2026-03-08 10:01:28,457 [WARNING] CafeF fetch failed for PET: 404 Client Error: Not Found for url: https://cafef.vn/404.aspx?aspxerrorpath=/lichsugia/lichsugia.aspx
2026-03-08 10:01:30,664 [WARNING] CafeF-v2 fetch failed for PET: HTTPSConnectionPool(host='api.cafef.vn', port=443): Max retries exceeded with url: /api/historyprice/PET?type=5&count=365 (Caused by NewConnectionError("HTTPSConnection(host='api.cafef.vn', port=443): Failed to establish a new connection: [WinError 10061] No connection could be made because the target machine actively refused it"))
2026-03-08 10:01:30,666 [ERROR] Cannot load PET. Failed sources: DNSE: No data, SSI: No data, CafeF-HTML: No data, CafeF-JSON: No data. Exchange: HOSE. Check connectivity or ticker.
2026-03-08 10:01:30,668 [ERROR] Scanner PET: too many values to unpack (expected 2)
2026-03-08 10:01:32,332 [WARNING] CafeF fetch failed for PHR: 404 Client Error: Not Found for url: https://cafef.vn/404.aspx?aspxerrorpath=/lichsugia/lichsugia.aspx
2026-03-08 10:01:34,494 [WARNING] CafeF-v2 fetch failed for PHR: HTTPSConnectionPool(host='api.cafef.vn', port=443): Max retries exceeded with url: /api/historyprice/PHR?type=5&count=365 (Caused by NewConnectionError("HTTPSConnection(host='api.cafef.vn', port=443): Failed to establish a new connection: [WinError 10061] No connection could be made because the target machine actively refused it"))
2026-03-08 10:01:34,496 [ERROR] Cannot load PHR. Failed sources: DNSE: No data, SSI: No data, CafeF-HTML: No data, CafeF-JSON: No data. Exchange: HOSE. Check connectivity or ticker.
2026-03-08 10:01:34,497 [ERROR] Scanner PHR: too many values to unpack (expected 2)
2026-03-08 10:01:36,274 [WARNING] CafeF fetch failed for POW: 404 Client Error: Not Found for url: https://cafef.vn/404.aspx?aspxerrorpath=/lichsugia/lichsugia.aspx
2026-03-08 10:01:38,493 [WARNING] CafeF-v2 fetch failed for POW: HTTPSConnectionPool(host='api.cafef.vn', port=443): Max retries exceeded with url: /api/historyprice/POW?type=5&count=365 (Caused by NewConnectionError("HTTPSConnection(host='api.cafef.vn', port=443): Failed to establish a new connection: [WinError 10061] No connection could be made because the target machine actively refused it"))
2026-03-08 10:01:38,495 [ERROR] Cannot load POW. Failed sources: DNSE: No data, SSI: No data, CafeF-HTML: No data, CafeF-JSON: No data. Exchange: HOSE. Check connectivity or ticker.
2026-03-08 10:01:38,496 [ERROR] Scanner POW: too many values to unpack (expected 2)
2026-03-08 10:01:40,220 [WARNING] CafeF fetch failed for PVD: 404 Client Error: Not Found for url: https://cafef.vn/404.aspx?aspxerrorpath=/lichsugia/lichsugia.aspx
2026-03-08 10:01:42,432 [WARNING] CafeF-v2 fetch failed for PVD: HTTPSConnectionPool(host='api.cafef.vn', port=443): Max retries exceeded with url: /api/historyprice/PVD?type=5&count=365 (Caused by NewConnectionError("HTTPSConnection(host='api.cafef.vn', port=443): Failed to establish a new connection: [WinError 10061] No connection could be made because the target machine actively refused it"))
2026-03-08 10:01:42,433 [ERROR] Cannot load PVD. Failed sources: DNSE: No data, SSI: No data, CafeF-HTML: No data, CafeF-JSON: No data. Exchange: HOSE. Check connectivity or ticker.
2026-03-08 10:01:42,434 [ERROR] Scanner PVD: too many values to unpack (expected 2)
2026-03-08 10:01:45,103 [WARNING] CafeF fetch failed for PVS: 404 Client Error: Not Found for url: https://cafef.vn/404.aspx?aspxerrorpath=/lichsugia/lichsugia.aspx
2026-03-08 10:01:47,298 [WARNING] CafeF-v2 fetch failed for PVS: HTTPSConnectionPool(host='api.cafef.vn', port=443): Max retries exceeded with url: /api/historyprice/PVS?type=5&count=365 (Caused by NewConnectionError("HTTPSConnection(host='api.cafef.vn', port=443): Failed to establish a new connection: [WinError 10061] No connection could be made because the target machine actively refused it"))
2026-03-08 10:01:47,299 [ERROR] Cannot load PVS. Failed sources: DNSE: No data, SSI: No data, CafeF-HTML: No data, CafeF-JSON: No data. Exchange: HNX. Check connectivity or ticker.
2026-03-08 10:01:47,300 [ERROR] Scanner PVS: too many values to unpack (expected 2)
2026-03-08 10:01:48,832 [WARNING] CafeF fetch failed for REE: 404 Client Error: Not Found for url: https://cafef.vn/404.aspx?aspxerrorpath=/lichsugia/lichsugia.aspx
2026-03-08 10:01:51,013 [WARNING] CafeF-v2 fetch failed for REE: HTTPSConnectionPool(host='api.cafef.vn', port=443): Max retries exceeded with url: /api/historyprice/REE?type=5&count=365 (Caused by NewConnectionError("HTTPSConnection(host='api.cafef.vn', port=443): Failed to establish a new connection: [WinError 10061] No connection could be made because the target machine actively refused it"))
2026-03-08 10:01:51,015 [ERROR] Cannot load REE. Failed sources: DNSE: No data, SSI: No data, CafeF-HTML: No data, CafeF-JSON: No data. Exchange: HOSE. Check connectivity or ticker.
2026-03-08 10:01:51,015 [ERROR] Scanner REE: too many values to unpack (expected 2)
2026-03-08 10:01:52,710 [WARNING] CafeF fetch failed for SSI: 404 Client Error: Not Found for url: https://cafef.vn/404.aspx?aspxerrorpath=/lichsugia/lichsugia.aspx
2026-03-08 10:01:54,918 [WARNING] CafeF-v2 fetch failed for SSI: HTTPSConnectionPool(host='api.cafef.vn', port=443): Max retries exceeded with url: /api/historyprice/SSI?type=5&count=365 (Caused by NewConnectionError("HTTPSConnection(host='api.cafef.vn', port=443): Failed to establish a new connection: [WinError 10061] No connection could be made because the target machine actively refused it"))
2026-03-08 10:01:54,919 [ERROR] Cannot load SSI. Failed sources: DNSE: No data, SSI: No data, CafeF-HTML: No data, CafeF-JSON: No data. Exchange: HOSE. Check connectivity or ticker.
2026-03-08 10:01:54,921 [ERROR] Scanner SSI: too many values to unpack (expected 2)
2026-03-08 10:01:56,542 [WARNING] CafeF fetch failed for SZC: 404 Client Error: Not Found for url: https://cafef.vn/404.aspx?aspxerrorpath=/lichsugia/lichsugia.aspx
2026-03-08 10:01:58,702 [WARNING] CafeF-v2 fetch failed for SZC: HTTPSConnectionPool(host='api.cafef.vn', port=443): Max retries exceeded with url: /api/historyprice/SZC?type=5&count=365 (Caused by NewConnectionError("HTTPSConnection(host='api.cafef.vn', port=443): Failed to establish a new connection: [WinError 10061] No connection could be made because the target machine actively refused it"))
2026-03-08 10:01:58,704 [ERROR] Cannot load SZC. Failed sources: DNSE: No data, SSI: No data, CafeF-HTML: No data, CafeF-JSON: No data. Exchange: HOSE. Check connectivity or ticker.
2026-03-08 10:01:58,705 [ERROR] Scanner SZC: too many values to unpack (expected 2)
2026-03-08 10:02:01,402 [WARNING] CafeF fetch failed for TCB: 404 Client Error: Not Found for url: https://cafef.vn/404.aspx?aspxerrorpath=/lichsugia/lichsugia.aspx
2026-03-08 10:02:03,608 [WARNING] CafeF-v2 fetch failed for TCB: HTTPSConnectionPool(host='api.cafef.vn', port=443): Max retries exceeded with url: /api/historyprice/TCB?type=5&count=365 (Caused by NewConnectionError("HTTPSConnection(host='api.cafef.vn', port=443): Failed to establish a new connection: [WinError 10061] No connection could be made because the target machine actively refused it"))
2026-03-08 10:02:03,609 [ERROR] Cannot load TCB. Failed sources: DNSE: No data, SSI: No data, CafeF-HTML: No data, CafeF-JSON: No data. Exchange: HOSE. Check connectivity or ticker.
2026-03-08 10:02:03,611 [ERROR] Scanner TCB: too many values to unpack (expected 2)
2026-03-08 10:02:05,366 [WARNING] CafeF fetch failed for VCB: 404 Client Error: Not Found for url: https://cafef.vn/404.aspx?aspxerrorpath=/lichsugia/lichsugia.aspx
2026-03-08 10:02:07,540 [WARNING] CafeF-v2 fetch failed for VCB: HTTPSConnectionPool(host='api.cafef.vn', port=443): Max retries exceeded with url: /api/historyprice/VCB?type=5&count=365 (Caused by NewConnectionError("HTTPSConnection(host='api.cafef.vn', port=443): Failed to establish a new connection: [WinError 10061] No connection could be made because the target machine actively refused it"))
2026-03-08 10:02:07,542 [ERROR] Cannot load VCB. Failed sources: DNSE: No data, SSI: No data, CafeF-HTML: No data, CafeF-JSON: No data. Exchange: HOSE. Check connectivity or ticker.
2026-03-08 10:02:07,543 [ERROR] Scanner VCB: too many values to unpack (expected 2)
2026-03-08 10:02:09,206 [WARNING] CafeF fetch failed for VGC: 404 Client Error: Not Found for url: https://cafef.vn/404.aspx?aspxerrorpath=/lichsugia/lichsugia.aspx
2026-03-08 10:02:11,520 [WARNING] CafeF-v2 fetch failed for VGC: HTTPSConnectionPool(host='api.cafef.vn', port=443): Max retries exceeded with url: /api/historyprice/VGC?type=5&count=365 (Caused by NewConnectionError("HTTPSConnection(host='api.cafef.vn', port=443): Failed to establish a new connection: [WinError 10061] No connection could be made because the target machine actively refused it"))
2026-03-08 10:02:11,521 [ERROR] Cannot load VGC. Failed sources: DNSE: No data, SSI: No data, CafeF-HTML: No data, CafeF-JSON: No data. Exchange: HOSE. Check connectivity or ticker.
2026-03-08 10:02:11,523 [ERROR] Scanner VGC: too many values to unpack (expected 2)
2026-03-08 10:02:12,917 [WARNING] CafeF fetch failed for VIC: 404 Client Error: Not Found for url: https://cafef.vn/404.aspx?aspxerrorpath=/lichsugia/lichsugia.aspx
2026-03-08 10:02:15,165 [WARNING] CafeF-v2 fetch failed for VIC: HTTPSConnectionPool(host='api.cafef.vn', port=443): Max retries exceeded with url: /api/historyprice/VIC?type=5&count=365 (Caused by NewConnectionError("HTTPSConnection(host='api.cafef.vn', port=443): Failed to establish a new connection: [WinError 10061] No connection could be made because the target machine actively refused it"))
2026-03-08 10:02:15,166 [ERROR] Cannot load VIC. Failed sources: DNSE: No data, SSI: No data, CafeF-HTML: No data, CafeF-JSON: No data. Exchange: HOSE. Check connectivity or ticker.
2026-03-08 10:02:15,168 [ERROR] Scanner VIC: too many values to unpack (expected 2)
2026-03-08 10:02:17,733 [WARNING] CafeF fetch failed for VJC: 404 Client Error: Not Found for url: https://cafef.vn/404.aspx?aspxerrorpath=/lichsugia/lichsugia.aspx
2026-03-08 10:02:20,000 [WARNING] CafeF-v2 fetch failed for VJC: HTTPSConnectionPool(host='api.cafef.vn', port=443): Max retries exceeded with url: /api/historyprice/VJC?type=5&count=365 (Caused by NewConnectionError("HTTPSConnection(host='api.cafef.vn', port=443): Failed to establish a new connection: [WinError 10061] No connection could be made because the target machine actively refused it"))
2026-03-08 10:02:20,002 [ERROR] Cannot load VJC. Failed sources: DNSE: No data, SSI: No data, CafeF-HTML: No data, CafeF-JSON: No data. Exchange: HOSE. Check connectivity or ticker.
2026-03-08 10:02:20,003 [ERROR] Scanner VJC: too many values to unpack (expected 2)
2026-03-08 10:02:21,484 [WARNING] CafeF fetch failed for VPL: 404 Client Error: Not Found for url: https://cafef.vn/404.aspx?aspxerrorpath=/lichsugia/lichsugia.aspx
2026-03-08 10:02:23,670 [WARNING] CafeF-v2 fetch failed for VPL: HTTPSConnectionPool(host='api.cafef.vn', port=443): Max retries exceeded with url: /api/historyprice/VPL?type=5&count=365 (Caused by NewConnectionError("HTTPSConnection(host='api.cafef.vn', port=443): Failed to establish a new connection: [WinError 10061] No connection could be made because the target machine actively refused it"))
2026-03-08 10:02:23,672 [ERROR] Cannot load VPL. Failed sources: DNSE: No data, SSI: No data, CafeF-HTML: No data, CafeF-JSON: No data. Exchange: HOSE. Check connectivity or ticker.
2026-03-08 10:02:23,673 [ERROR] Scanner VPL: too many values to unpack (expected 2)
2026-03-08 10:05:08,230 [WARNING] CafeF fetch failed for APH: 404 Client Error: Not Found for url: https://cafef.vn/404.aspx?aspxerrorpath=/lichsugia/lichsugia.aspx
2026-03-08 10:05:11,462 [WARNING] CafeF-v2 fetch failed for APH: HTTPSConnectionPool(host='api.cafef.vn', port=443): Max retries exceeded with url: /api/historyprice/APH?type=5&count=365 (Caused by NewConnectionError("HTTPSConnection(host='api.cafef.vn', port=443): Failed to establish a new connection: [WinError 10061] No connection could be made because the target machine actively refused it"))
2026-03-08 10:05:11,464 [ERROR] Cannot load APH. Failed sources: DNSE: No data, SSI: No data, CafeF-HTML: No data, CafeF-JSON: No data. Exchange: HOSE. Check connectivity or ticker.
2026-03-08 10:05:11,465 [ERROR] Scanner APH: too many values to unpack (expected 2)
2026-03-08 10:05:13,045 [WARNING] CafeF fetch failed for BCM: 404 Client Error: Not Found for url: https://cafef.vn/404.aspx?aspxerrorpath=/lichsugia/lichsugia.aspx
2026-03-08 10:05:15,211 [WARNING] CafeF-v2 fetch failed for BCM: HTTPSConnectionPool(host='api.cafef.vn', port=443): Max retries exceeded with url: /api/historyprice/BCM?type=5&count=365 (Caused by NewConnectionError("HTTPSConnection(host='api.cafef.vn', port=443): Failed to establish a new connection: [WinError 10061] No connection could be made because the target machine actively refused it"))
2026-03-08 10:05:15,213 [ERROR] Cannot load BCM. Failed sources: DNSE: No data, SSI: No data, CafeF-HTML: No data, CafeF-JSON: No data. Exchange: UPCOM. Check connectivity or ticker.
2026-03-08 10:05:15,214 [ERROR] Scanner BCM: too many values to unpack (expected 2)
2026-03-08 10:05:16,755 [WARNING] CafeF fetch failed for BSR: 404 Client Error: Not Found for url: https://cafef.vn/404.aspx?aspxerrorpath=/lichsugia/lichsugia.aspx
2026-03-08 10:15:06,500 [WARNING] CafeF fetch failed for FPT: 404 Client Error: Not Found for url: https://cafef.vn/404.aspx?aspxerrorpath=/lichsugia/lichsugia.aspx
2026-03-08 10:15:08,699 [WARNING] CafeF-v2 fetch failed for FPT: HTTPSConnectionPool(host='api.cafef.vn', port=443): Max retries exceeded with url: /api/historyprice/FPT?type=5&count=500 (Caused by NewConnectionError("HTTPSConnection(host='api.cafef.vn', port=443): Failed to establish a new connection: [WinError 10061] No connection could be made because the target machine actively refused it"))
2026-03-08 10:15:10,052 [INFO] yFinance fetch successful for FPT.VN
2026-03-08 10:15:10,053 [INFO] ✅ yFinance FPT: 697 rows
2026-03-08 10:15:10,054 [ERROR] Deep Audit FPT: too many values to unpack (expected 2)
