2026-03-10 20:54:30,825 [ERROR] yfinance: HTTP Error 404: {"quoteSummary":{"result":null,"error":{"code":"Not Found","description":"Quote not found for symbol: ^VNINDEX"}}}
2026-03-10 20:54:30,858 [ERROR] yfinance: $^VNINDEX: possibly delisted; no price data found  (period=2d) (Yahoo error = "No data found, symbol may be delisted")
2026-03-10 20:54:30,859 [ERROR] yfinance: HTTP Error 404: {"quoteSummary":{"result":null,"error":{"code":"Not Found","description":"Quote not found for symbol: ^VNINDEX"}}}
2026-03-10 20:54:31,786 [ERROR] yfinance: $^HNX30: possibly delisted; no price data found  (period=2d) (Yahoo error = "No data found, symbol may be delisted")
2026-03-10 20:54:31,787 [ERROR] yfinance: $^VNINDEX: possibly delisted; no price data found  (period=2d) (Yahoo error = "No data found, symbol may be delisted")
2026-03-10 20:54:31,790 [ERROR] yfinance: $^VNINDEX: possibly delisted; no price data found  (period=2d) (Yahoo error = "No data found, symbol may be delisted")
2026-03-10 20:54:32,257 [ERROR] yfinance: $^HNX30: possibly delisted; no price data found  (period=2d) (Yahoo error = "No data found, symbol may be delisted")
2026-03-10 20:54:32,259 [ERROR] yfinance: $^HNX30: possibly delisted; no price data found  (period=2d) (Yahoo error = "No data found, symbol may be delisted")
2026-03-10 20:54:50,029 [ERROR] yfinance: $^VNINDEX: possibly delisted; no price data found  (period=2d) (Yahoo error = "No data found, symbol may be delisted")
2026-03-10 20:54:50,484 [ERROR] yfinance: $^HNX30: possibly delisted; no price data found  (period=2d) (Yahoo error = "No data found, symbol may be delisted")
2026-03-10 20:55:45,780 [ERROR] modules.recommendations: Error recommending DPM: '<' not supported between instances of 'str' and 'int'
Traceback (most recent call last):
  File "C:\Users\TheCaptain7th\OneDrive\portfolio\vnstock\app\quant_terminal\modules\recommendations.py", line 91, in recommend_ticker
    fund_score, fund_reasons = _score_fundamentals(fundamentals)
                               ~~~~~~~~~~~~~~~~~~~^^^^^^^^^^^^^^
  File "C:\Users\TheCaptain7th\OneDrive\portfolio\vnstock\app\quant_terminal\modules\recommendations.py", line 203, in _score_fundamentals
    if pe < 10:
       ^^^^^^^
TypeError: '<' not supported between instances of 'str' and 'int'
2026-03-10 20:56:12,727 [ERROR] yfinance: $^VNINDEX: possibly delisted; no price data found  (period=2d) (Yahoo error = "No data found, symbol may be delisted")
2026-03-10 20:56:13,184 [ERROR] yfinance: $^HNX30: possibly delisted; no price data found  (period=2d) (Yahoo error = "No data found, symbol may be delisted")
2026-03-10 20:56:25,459 [ERROR] yfinance: $^VNINDEX: possibly delisted; no price data found  (period=2d) (Yahoo error = "No data found, symbol may be delisted")
2026-03-10 20:56:25,912 [ERROR] yfinance: $^HNX30: possibly delisted; no price data found  (period=2d) (Yahoo error = "No data found, symbol may be delisted")
2026-03-10 20:56:35,435 [ERROR] yfinance: $^VNINDEX: possibly delisted; no price data found  (period=2d) (Yahoo error = "No data found, symbol may be delisted")
2026-03-10 20:56:35,881 [ERROR] yfinance: $^HNX30: possibly delisted; no price data found  (period=2d) (Yahoo error = "No data found, symbol may be delisted")
2026-03-10 20:57:44,479 [ERROR] yfinance: $^VNINDEX: possibly delisted; no price data found  (period=2d) (Yahoo error = "No data found, symbol may be delisted")
2026-03-10 20:57:44,479 [ERROR] yfinance: $^VNINDEX: possibly delisted; no price data found  (period=2d) (Yahoo error = "No data found, symbol may be delisted")
2026-03-10 20:57:45,055 [ERROR] yfinance: $^HNX30: possibly delisted; no price data found  (period=2d) (Yahoo error = "No data found, symbol may be delisted")
2026-03-10 20:57:45,055 [ERROR] yfinance: $^HNX30: possibly delisted; no price data found  (period=2d) (Yahoo error = "No data found, symbol may be delisted")
2026-03-10 20:58:17,549 [ERROR] yfinance: $^VNINDEX: possibly delisted; no price data found  (period=2d) (Yahoo error = "No data found, symbol may be delisted")
2026-03-10 20:58:18,008 [ERROR] yfinance: $^HNX30: possibly delisted; no price data found  (period=2d) (Yahoo error = "No data found, symbol may be delisted")
2026-03-10 20:58:31,606 [ERROR] yfinance: $^VNINDEX: possibly delisted; no price data found  (period=2d) (Yahoo error = "No data found, symbol may be delisted")
2026-03-10 20:58:32,094 [ERROR] yfinance: $^VNINDEX: possibly delisted; no price data found  (period=2d) (Yahoo error = "No data found, symbol may be delisted")
2026-03-10 20:58:32,094 [ERROR] yfinance: $^HNX30: possibly delisted; no price data found  (period=2d) (Yahoo error = "No data found, symbol may be delisted")
2026-03-10 20:58:32,868 [ERROR] yfinance: $^HNX30: possibly delisted; no price data found  (period=2d) (Yahoo error = "No data found, symbol may be delisted")
2026-03-10 20:58:41,204 [ERROR] yfinance: $^VNINDEX: possibly delisted; no price data found  (period=2d) (Yahoo error = "No data found, symbol may be delisted")
2026-03-10 20:58:41,217 [ERROR] yfinance: $^VNINDEX: possibly delisted; no price data found  (period=2d) (Yahoo error = "No data found, symbol may be delisted")
2026-03-10 20:58:41,996 [ERROR] yfinance: $^HNX30: possibly delisted; no price data found  (period=2d) (Yahoo error = "No data found, symbol may be delisted")
2026-03-10 20:58:41,998 [ERROR] yfinance: $^HNX30: possibly delisted; no price data found  (period=2d) (Yahoo error = "No data found, symbol may be delisted")
2026-03-10 20:58:53,424 [ERROR] yfinance: $^VNINDEX: possibly delisted; no price data found  (period=2d) (Yahoo error = "No data found, symbol may be delisted")
2026-03-10 20:58:53,426 [ERROR] yfinance: $^VNINDEX: possibly delisted; no price data found  (period=2d) (Yahoo error = "No data found, symbol may be delisted")
2026-03-10 20:58:54,206 [ERROR] yfinance: $^HNX30: possibly delisted; no price data found  (period=2d) (Yahoo error = "No data found, symbol may be delisted")
2026-03-10 20:58:54,209 [ERROR] yfinance: $^HNX30: possibly delisted; no price data found  (period=2d) (Yahoo error = "No data found, symbol may be delisted")
2026-03-10 20:59:00,285 [ERROR] yfinance: $^VNINDEX: possibly delisted; no price data found  (period=2d) (Yahoo error = "No data found, symbol may be delisted")
2026-03-10 20:59:01,251 [ERROR] yfinance: $^HNX30: possibly delisted; no price data found  (period=2d) (Yahoo error = "No data found, symbol may be delisted")
2026-03-10 20:59:02,049 [ERROR] yfinance: $^VNINDEX: possibly delisted; no price data found  (period=2d) (Yahoo error = "No data found, symbol may be delisted")
2026-03-10 20:59:02,846 [ERROR] yfinance: $^HNX30: possibly delisted; no price data found  (period=2d) (Yahoo error = "No data found, symbol may be delisted")
2026-03-10 20:59:09,001 [ERROR] yfinance: $^VNINDEX: possibly delisted; no price data found  (period=2d) (Yahoo error = "No data found, symbol may be delisted")
2026-03-10 20:59:09,869 [ERROR] yfinance: $^HNX30: possibly delisted; no price data found  (period=2d) (Yahoo error = "No data found, symbol may be delisted")
2026-03-10 20:59:09,926 [ERROR] yfinance: $^VNINDEX: possibly delisted; no price data found  (period=2d) (Yahoo error = "No data found, symbol may be delisted")
2026-03-10 20:59:10,674 [ERROR] yfinance: $^HNX30: possibly delisted; no price data found  (period=2d) (Yahoo error = "No data found, symbol may be delisted")
2026-03-10 20:59:30,544 [ERROR] yfinance: $^VNINDEX: possibly delisted; no price data found  (period=2d) (Yahoo error = "No data found, symbol may be delisted")
2026-03-10 20:59:31,102 [ERROR] yfinance: $^HNX30: possibly delisted; no price data found  (period=2d) (Yahoo error = "No data found, symbol may be delisted")
2026-03-10 20:59:35,577 [ERROR] yfinance: $^VNINDEX: possibly delisted; no price data found  (period=2d) (Yahoo error = "No data found, symbol may be delisted")
2026-03-10 20:59:36,036 [ERROR] yfinance: $^HNX30: possibly delisted; no price data found  (period=2d) (Yahoo error = "No data found, symbol may be delisted")
2026-03-10 21:00:38,094 [ERROR] yfinance: $^VNINDEX: possibly delisted; no price data found  (period=2d) (Yahoo error = "No data found, symbol may be delisted")
2026-03-10 21:00:38,913 [ERROR] yfinance: $^HNX30: possibly delisted; no price data found  (period=2d) (Yahoo error = "No data found, symbol may be delisted")
2026-03-10 21:00:53,744 [ERROR] yfinance: $^VNINDEX: possibly delisted; no price data found  (period=2d) (Yahoo error = "No data found, symbol may be delisted")
2026-03-10 21:00:54,753 [ERROR] yfinance: $^HNX30: possibly delisted; no price data found  (period=2d) (Yahoo error = "No data found, symbol may be delisted")
2026-03-10 21:00:58,993 [ERROR] yfinance: $^VNINDEX: possibly delisted; no price data found  (period=2d) (Yahoo error = "No data found, symbol may be delisted")
2026-03-10 21:00:59,783 [ERROR] yfinance: $^HNX30: possibly delisted; no price data found  (period=2d) (Yahoo error = "No data found, symbol may be delisted")
2026-03-10 21:01:16,172 [ERROR] yfinance: $^VNINDEX: possibly delisted; no price data found  (period=2d) (Yahoo error = "No data found, symbol may be delisted")
2026-03-10 21:01:16,178 [ERROR] yfinance: $^VNINDEX: possibly delisted; no price data found  (period=2d) (Yahoo error = "No data found, symbol may be delisted")
2026-03-10 21:01:16,624 [ERROR] yfinance: $^HNX30: possibly delisted; no price data found  (period=2d) (Yahoo error = "No data found, symbol may be delisted")
2026-03-10 21:01:16,630 [ERROR] yfinance: $^HNX30: possibly delisted; no price data found  (period=2d) (Yahoo error = "No data found, symbol may be delisted")
2026-03-10 21:01:37,416 [ERROR] yfinance: $^VNINDEX: possibly delisted; no price data found  (period=2d) (Yahoo error = "No data found, symbol may be delisted")
2026-03-10 21:01:37,418 [ERROR] yfinance: $^VNINDEX: possibly delisted; no price data found  (period=2d) (Yahoo error = "No data found, symbol may be delisted")
2026-03-10 21:01:38,208 [ERROR] yfinance: $^HNX30: possibly delisted; no price data found  (period=2d) (Yahoo error = "No data found, symbol may be delisted")
2026-03-10 21:01:38,209 [ERROR] yfinance: $^HNX30: possibly delisted; no price data found  (period=2d) (Yahoo error = "No data found, symbol may be delisted")
2026-03-10 21:02:11,545 [ERROR] yfinance: $^VNINDEX: possibly delisted; no price data found  (period=2d) (Yahoo error = "No data found, symbol may be delisted")
2026-03-10 21:02:12,392 [ERROR] yfinance: $^HNX30: possibly delisted; no price data found  (period=2d) (Yahoo error = "No data found, symbol may be delisted")
2026-03-10 21:02:13,946 [ERROR] yfinance: $^VNINDEX: possibly delisted; no price data found  (period=2d) (Yahoo error = "No data found, symbol may be delisted")
2026-03-10 21:02:14,715 [ERROR] yfinance: $^HNX30: possibly delisted; no price data found  (period=2d) (Yahoo error = "No data found, symbol may be delisted")
2026-03-10 21:02:14,717 [ERROR] yfinance: $^VNINDEX: possibly delisted; no price data found  (period=2d) (Yahoo error = "No data found, symbol may be delisted")
2026-03-10 21:02:15,174 [ERROR] yfinance: $^HNX30: possibly delisted; no price data found  (period=2d) (Yahoo error = "No data found, symbol may be delisted")
2026-03-10 21:02:38,157 [ERROR] yfinance: $^VNINDEX: possibly delisted; no price data found  (period=2d) (Yahoo error = "No data found, symbol may be delisted")
2026-03-10 21:02:38,615 [ERROR] yfinance: $^HNX30: possibly delisted; no price data found  (period=2d) (Yahoo error = "No data found, symbol may be delisted")
2026-03-10 21:03:41,170 [ERROR] yfinance: $^VNINDEX: possibly delisted; no price data found  (period=2d) (Yahoo error = "No data found, symbol may be delisted")
2026-03-10 21:03:41,172 [ERROR] yfinance: $^VNINDEX: possibly delisted; no price data found  (period=2d) (Yahoo error = "No data found, symbol may be delisted")
2026-03-10 21:03:41,992 [ERROR] yfinance: $^HNX30: possibly delisted; no price data found  (period=2d) (Yahoo error = "No data found, symbol may be delisted")
2026-03-10 21:03:41,996 [ERROR] yfinance: $^HNX30: possibly delisted; no price data found  (period=2d) (Yahoo error = "No data found, symbol may be delisted")
2026-03-10 21:04:02,905 [ERROR] yfinance: $^VNINDEX: possibly delisted; no price data found  (period=2d) (Yahoo error = "No data found, symbol may be delisted")
2026-03-10 21:04:02,917 [ERROR] yfinance: $^VNINDEX: possibly delisted; no price data found  (period=2d) (Yahoo error = "No data found, symbol may be delisted")
2026-03-10 21:04:03,672 [ERROR] yfinance: $^HNX30: possibly delisted; no price data found  (period=2d) (Yahoo error = "No data found, symbol may be delisted")
2026-03-10 21:04:03,674 [ERROR] yfinance: $^HNX30: possibly delisted; no price data found  (period=2d) (Yahoo error = "No data found, symbol may be delisted")
